Testing read of /drivers...
READ ERROR: Permission denied
